// Jest Snapshot v1, https://goo.gl/fbAQLP

exports[`ThreadEditor Shows thread edition form 1`] = `
<form>
  <div class="form-group"><label for="thread_title">Title:</label> <input type="text" id="thread_title" name="title" class="form-input"></div>
  <div class="form-group"><label for="thread_content">Content:</label> <textarea id="thread_content" name="content" rows="8" cols="140" class="form-input"></textarea></div>
  <div class="btn-group"><button class="btn btn-ghost">
      Cancel
    </button> <button type="submit" name="Publish" class="btn btn-blue">
      Publish
    </button></div>
</form>
`;
