// Jest Snapshot v1, https://goo.gl/fbAQLP

exports[`PageThreadCreate Correctly shows thread creation form 1`] = `
<div class="col-full push-top">
  <h1>
    Create new thread in <i>Announcements</i></h1>
  <thread-editor-stub text="" title=""></thread-editor-stub>
</div>
`;
